------------------------------------------------------------
Timing Analyzer Summary
------------------------------------------------------------

Type  : Slow 1100mV 85C Model Setup 'inst|pll_inst|altera_pll_i|general[0].gpll~PLL_OUTPUT_COUNTER|divclk'
Slack : -9.812
TNS   : -1888.077

Type  : Slow 1100mV 85C Model Setup 'VGA_SYNC:inst5|vert_sync_out'
Slack : -9.654
TNS   : -1454.807

Type  : Slow 1100mV 85C Model Setup 'MOUSE:inst4|MOUSE_CLK_FILTER'
Slack : -8.134
TNS   : -281.867

Type  : Slow 1100mV 85C Model Setup 'GAME_CONTROLLER:inst8|STATE.S1'
Slack : -6.754
TNS   : -146.905

Type  : Slow 1100mV 85C Model Setup 'pipe:inst17|is_pipe_passed'
Slack : -1.799
TNS   : -12.280

Type  : Slow 1100mV 85C Model Setup 'pipe:inst18|is_pipe_passed'
Slack : -1.708
TNS   : -11.967

Type  : Slow 1100mV 85C Model Setup 'pipe:inst19|is_pipe_passed'
Slack : -1.639
TNS   : -12.923

Type  : Slow 1100mV 85C Model Hold 'inst|pll_inst|altera_pll_i|general[0].gpll~PLL_OUTPUT_COUNTER|divclk'
Slack : -0.013
TNS   : -0.024

Type  : Slow 1100mV 85C Model Hold 'VGA_SYNC:inst5|vert_sync_out'
Slack : 0.319
TNS   : 0.000

Type  : Slow 1100mV 85C Model Hold 'pipe:inst18|is_pipe_passed'
Slack : 0.528
TNS   : 0.000

Type  : Slow 1100mV 85C Model Hold 'MOUSE:inst4|MOUSE_CLK_FILTER'
Slack : 0.609
TNS   : 0.000

Type  : Slow 1100mV 85C Model Hold 'pipe:inst17|is_pipe_passed'
Slack : 0.675
TNS   : 0.000

Type  : Slow 1100mV 85C Model Hold 'pipe:inst19|is_pipe_passed'
Slack : 0.804
TNS   : 0.000

Type  : Slow 1100mV 85C Model Hold 'GAME_CONTROLLER:inst8|STATE.S1'
Slack : 1.725
TNS   : 0.000

Type  : Slow 1100mV 85C Model Recovery 'MOUSE:inst4|MOUSE_CLK_FILTER'
Slack : -6.112
TNS   : -97.688

Type  : Slow 1100mV 85C Model Removal 'MOUSE:inst4|MOUSE_CLK_FILTER'
Slack : 4.922
TNS   : 0.000

Type  : Slow 1100mV 85C Model Minimum Pulse Width 'VGA_SYNC:inst5|vert_sync_out'
Slack : -0.538
TNS   : -181.423

Type  : Slow 1100mV 85C Model Minimum Pulse Width 'MOUSE:inst4|MOUSE_CLK_FILTER'
Slack : -0.538
TNS   : -30.951

Type  : Slow 1100mV 85C Model Minimum Pulse Width 'pipe:inst19|is_pipe_passed'
Slack : -0.538
TNS   : -8.770

Type  : Slow 1100mV 85C Model Minimum Pulse Width 'pipe:inst17|is_pipe_passed'
Slack : -0.538
TNS   : -7.665

Type  : Slow 1100mV 85C Model Minimum Pulse Width 'pipe:inst18|is_pipe_passed'
Slack : -0.538
TNS   : -7.523

Type  : Slow 1100mV 85C Model Minimum Pulse Width 'GAME_CONTROLLER:inst8|STATE.S1'
Slack : 0.043
TNS   : 0.000

Type  : Slow 1100mV 85C Model Minimum Pulse Width 'inst|pll_inst|altera_pll_i|general[0].gpll~FRACTIONAL_PLL|vcoph[0]'
Slack : 1.666
TNS   : 0.000

Type  : Slow 1100mV 85C Model Minimum Pulse Width 'CLOCK_50'
Slack : 9.731
TNS   : 0.000

Type  : Slow 1100mV 85C Model Minimum Pulse Width 'inst|pll_inst|altera_pll_i|general[0].gpll~PLL_OUTPUT_COUNTER|divclk'
Slack : 18.632
TNS   : 0.000

Type  : Slow 1100mV 0C Model Setup 'VGA_SYNC:inst5|vert_sync_out'
Slack : -9.742
TNS   : -1465.315

Type  : Slow 1100mV 0C Model Setup 'inst|pll_inst|altera_pll_i|general[0].gpll~PLL_OUTPUT_COUNTER|divclk'
Slack : -9.108
TNS   : -1748.660

Type  : Slow 1100mV 0C Model Setup 'MOUSE:inst4|MOUSE_CLK_FILTER'
Slack : -8.194
TNS   : -277.861

Type  : Slow 1100mV 0C Model Setup 'GAME_CONTROLLER:inst8|STATE.S1'
Slack : -6.886
TNS   : -149.459

Type  : Slow 1100mV 0C Model Setup 'pipe:inst17|is_pipe_passed'
Slack : -1.740
TNS   : -12.060

Type  : Slow 1100mV 0C Model Setup 'pipe:inst18|is_pipe_passed'
Slack : -1.634
TNS   : -11.873

Type  : Slow 1100mV 0C Model Setup 'pipe:inst19|is_pipe_passed'
Slack : -1.627
TNS   : -12.835

Type  : Slow 1100mV 0C Model Hold 'inst|pll_inst|altera_pll_i|general[0].gpll~PLL_OUTPUT_COUNTER|divclk'
Slack : -0.249
TNS   : -0.908

Type  : Slow 1100mV 0C Model Hold 'VGA_SYNC:inst5|vert_sync_out'
Slack : 0.506
TNS   : 0.000

Type  : Slow 1100mV 0C Model Hold 'pipe:inst18|is_pipe_passed'
Slack : 0.571
TNS   : 0.000

Type  : Slow 1100mV 0C Model Hold 'MOUSE:inst4|MOUSE_CLK_FILTER'
Slack : 0.598
TNS   : 0.000

Type  : Slow 1100mV 0C Model Hold 'pipe:inst17|is_pipe_passed'
Slack : 0.710
TNS   : 0.000

Type  : Slow 1100mV 0C Model Hold 'pipe:inst19|is_pipe_passed'
Slack : 0.772
TNS   : 0.000

Type  : Slow 1100mV 0C Model Hold 'GAME_CONTROLLER:inst8|STATE.S1'
Slack : 2.004
TNS   : 0.000

Type  : Slow 1100mV 0C Model Recovery 'MOUSE:inst4|MOUSE_CLK_FILTER'
Slack : -6.102
TNS   : -97.508

Type  : Slow 1100mV 0C Model Removal 'MOUSE:inst4|MOUSE_CLK_FILTER'
Slack : 5.111
TNS   : 0.000

Type  : Slow 1100mV 0C Model Minimum Pulse Width 'VGA_SYNC:inst5|vert_sync_out'
Slack : -0.538
TNS   : -178.438

Type  : Slow 1100mV 0C Model Minimum Pulse Width 'MOUSE:inst4|MOUSE_CLK_FILTER'
Slack : -0.538
TNS   : -29.854

Type  : Slow 1100mV 0C Model Minimum Pulse Width 'pipe:inst19|is_pipe_passed'
Slack : -0.538
TNS   : -8.571

Type  : Slow 1100mV 0C Model Minimum Pulse Width 'pipe:inst17|is_pipe_passed'
Slack : -0.538
TNS   : -7.592

Type  : Slow 1100mV 0C Model Minimum Pulse Width 'pipe:inst18|is_pipe_passed'
Slack : -0.538
TNS   : -7.385

Type  : Slow 1100mV 0C Model Minimum Pulse Width 'GAME_CONTROLLER:inst8|STATE.S1'
Slack : 0.108
TNS   : 0.000

Type  : Slow 1100mV 0C Model Minimum Pulse Width 'inst|pll_inst|altera_pll_i|general[0].gpll~FRACTIONAL_PLL|vcoph[0]'
Slack : 1.666
TNS   : 0.000

Type  : Slow 1100mV 0C Model Minimum Pulse Width 'CLOCK_50'
Slack : 9.741
TNS   : 0.000

Type  : Slow 1100mV 0C Model Minimum Pulse Width 'inst|pll_inst|altera_pll_i|general[0].gpll~PLL_OUTPUT_COUNTER|divclk'
Slack : 18.576
TNS   : 0.000

Type  : Fast 1100mV 85C Model Setup 'inst|pll_inst|altera_pll_i|general[0].gpll~PLL_OUTPUT_COUNTER|divclk'
Slack : -6.005
TNS   : -1154.839

Type  : Fast 1100mV 85C Model Setup 'VGA_SYNC:inst5|vert_sync_out'
Slack : -4.657
TNS   : -682.107

Type  : Fast 1100mV 85C Model Setup 'MOUSE:inst4|MOUSE_CLK_FILTER'
Slack : -3.928
TNS   : -131.921

Type  : Fast 1100mV 85C Model Setup 'GAME_CONTROLLER:inst8|STATE.S1'
Slack : -3.385
TNS   : -69.614

Type  : Fast 1100mV 85C Model Setup 'pipe:inst17|is_pipe_passed'
Slack : -0.726
TNS   : -4.436

Type  : Fast 1100mV 85C Model Setup 'pipe:inst18|is_pipe_passed'
Slack : -0.710
TNS   : -3.861

Type  : Fast 1100mV 85C Model Setup 'pipe:inst19|is_pipe_passed'
Slack : -0.656
TNS   : -4.296

Type  : Fast 1100mV 85C Model Hold 'inst|pll_inst|altera_pll_i|general[0].gpll~PLL_OUTPUT_COUNTER|divclk'
Slack : -0.162
TNS   : -0.924

Type  : Fast 1100mV 85C Model Hold 'VGA_SYNC:inst5|vert_sync_out'
Slack : 0.063
TNS   : 0.000

Type  : Fast 1100mV 85C Model Hold 'pipe:inst17|is_pipe_passed'
Slack : 0.221
TNS   : 0.000

Type  : Fast 1100mV 85C Model Hold 'pipe:inst18|is_pipe_passed'
Slack : 0.250
TNS   : 0.000

Type  : Fast 1100mV 85C Model Hold 'MOUSE:inst4|MOUSE_CLK_FILTER'
Slack : 0.292
TNS   : 0.000

Type  : Fast 1100mV 85C Model Hold 'pipe:inst19|is_pipe_passed'
Slack : 0.325
TNS   : 0.000

Type  : Fast 1100mV 85C Model Hold 'GAME_CONTROLLER:inst8|STATE.S1'
Slack : 0.948
TNS   : 0.000

Type  : Fast 1100mV 85C Model Recovery 'MOUSE:inst4|MOUSE_CLK_FILTER'
Slack : -2.712
TNS   : -43.342

Type  : Fast 1100mV 85C Model Removal 'MOUSE:inst4|MOUSE_CLK_FILTER'
Slack : 2.423
TNS   : 0.000

Type  : Fast 1100mV 85C Model Minimum Pulse Width 'VGA_SYNC:inst5|vert_sync_out'
Slack : -0.142
TNS   : -10.001

Type  : Fast 1100mV 85C Model Minimum Pulse Width 'pipe:inst19|is_pipe_passed'
Slack : -0.056
TNS   : -0.213

Type  : Fast 1100mV 85C Model Minimum Pulse Width 'MOUSE:inst4|MOUSE_CLK_FILTER'
Slack : -0.045
TNS   : -0.712

Type  : Fast 1100mV 85C Model Minimum Pulse Width 'pipe:inst17|is_pipe_passed'
Slack : -0.034
TNS   : -0.102

Type  : Fast 1100mV 85C Model Minimum Pulse Width 'pipe:inst18|is_pipe_passed'
Slack : -0.028
TNS   : -0.028

Type  : Fast 1100mV 85C Model Minimum Pulse Width 'GAME_CONTROLLER:inst8|STATE.S1'
Slack : 0.106
TNS   : 0.000

Type  : Fast 1100mV 85C Model Minimum Pulse Width 'inst|pll_inst|altera_pll_i|general[0].gpll~FRACTIONAL_PLL|vcoph[0]'
Slack : 1.666
TNS   : 0.000

Type  : Fast 1100mV 85C Model Minimum Pulse Width 'CLOCK_50'
Slack : 9.336
TNS   : 0.000

Type  : Fast 1100mV 85C Model Minimum Pulse Width 'inst|pll_inst|altera_pll_i|general[0].gpll~PLL_OUTPUT_COUNTER|divclk'
Slack : 18.894
TNS   : 0.000

Type  : Fast 1100mV 0C Model Setup 'inst|pll_inst|altera_pll_i|general[0].gpll~PLL_OUTPUT_COUNTER|divclk'
Slack : -4.893
TNS   : -932.642

Type  : Fast 1100mV 0C Model Setup 'VGA_SYNC:inst5|vert_sync_out'
Slack : -4.061
TNS   : -614.440

Type  : Fast 1100mV 0C Model Setup 'MOUSE:inst4|MOUSE_CLK_FILTER'
Slack : -3.772
TNS   : -126.269

Type  : Fast 1100mV 0C Model Setup 'GAME_CONTROLLER:inst8|STATE.S1'
Slack : -3.238
TNS   : -68.240

Type  : Fast 1100mV 0C Model Setup 'pipe:inst17|is_pipe_passed'
Slack : -0.605
TNS   : -3.590

Type  : Fast 1100mV 0C Model Setup 'pipe:inst18|is_pipe_passed'
Slack : -0.575
TNS   : -3.094

Type  : Fast 1100mV 0C Model Setup 'pipe:inst19|is_pipe_passed'
Slack : -0.536
TNS   : -3.418

Type  : Fast 1100mV 0C Model Hold 'inst|pll_inst|altera_pll_i|general[0].gpll~PLL_OUTPUT_COUNTER|divclk'
Slack : -0.359
TNS   : -2.968

Type  : Fast 1100mV 0C Model Hold 'VGA_SYNC:inst5|vert_sync_out'
Slack : 0.109
TNS   : 0.000

Type  : Fast 1100mV 0C Model Hold 'pipe:inst17|is_pipe_passed'
Slack : 0.211
TNS   : 0.000

Type  : Fast 1100mV 0C Model Hold 'pipe:inst18|is_pipe_passed'
Slack : 0.238
TNS   : 0.000

Type  : Fast 1100mV 0C Model Hold 'MOUSE:inst4|MOUSE_CLK_FILTER'
Slack : 0.278
TNS   : 0.000

Type  : Fast 1100mV 0C Model Hold 'pipe:inst19|is_pipe_passed'
Slack : 0.291
TNS   : 0.000

Type  : Fast 1100mV 0C Model Hold 'GAME_CONTROLLER:inst8|STATE.S1'
Slack : 1.108
TNS   : 0.000

Type  : Fast 1100mV 0C Model Recovery 'MOUSE:inst4|MOUSE_CLK_FILTER'
Slack : -2.663
TNS   : -42.579

Type  : Fast 1100mV 0C Model Removal 'MOUSE:inst4|MOUSE_CLK_FILTER'
Slack : 2.458
TNS   : 0.000

Type  : Fast 1100mV 0C Model Minimum Pulse Width 'VGA_SYNC:inst5|vert_sync_out'
Slack : -0.067
TNS   : -4.234

Type  : Fast 1100mV 0C Model Minimum Pulse Width 'MOUSE:inst4|MOUSE_CLK_FILTER'
Slack : -0.016
TNS   : -0.230

Type  : Fast 1100mV 0C Model Minimum Pulse Width 'pipe:inst19|is_pipe_passed'
Slack : 0.001
TNS   : 0.000

Type  : Fast 1100mV 0C Model Minimum Pulse Width 'pipe:inst17|is_pipe_passed'
Slack : 0.013
TNS   : 0.000

Type  : Fast 1100mV 0C Model Minimum Pulse Width 'pipe:inst18|is_pipe_passed'
Slack : 0.025
TNS   : 0.000

Type  : Fast 1100mV 0C Model Minimum Pulse Width 'GAME_CONTROLLER:inst8|STATE.S1'
Slack : 0.186
TNS   : 0.000

Type  : Fast 1100mV 0C Model Minimum Pulse Width 'inst|pll_inst|altera_pll_i|general[0].gpll~FRACTIONAL_PLL|vcoph[0]'
Slack : 1.666
TNS   : 0.000

Type  : Fast 1100mV 0C Model Minimum Pulse Width 'CLOCK_50'
Slack : 9.286
TNS   : 0.000

Type  : Fast 1100mV 0C Model Minimum Pulse Width 'inst|pll_inst|altera_pll_i|general[0].gpll~PLL_OUTPUT_COUNTER|divclk'
Slack : 18.894
TNS   : 0.000

------------------------------------------------------------
