------------------------------------------------------------
Timing Analyzer Summary
------------------------------------------------------------

Type  : Slow 1100mV 85C Model Setup 'VGA_SYNC:inst5|vert_sync_out'
Slack : -12.705
TNS   : -2173.118

Type  : Slow 1100mV 85C Model Setup 'MOUSE:inst4|MOUSE_CLK_FILTER'
Slack : -8.213
TNS   : -279.728

Type  : Slow 1100mV 85C Model Setup 'inst|pll_inst|altera_pll_i|general[0].gpll~PLL_OUTPUT_COUNTER|divclk'
Slack : -5.345
TNS   : -74.952

Type  : Slow 1100mV 85C Model Setup 'pipe:inst2|is_pipe_passed'
Slack : -1.683
TNS   : -17.007

Type  : Slow 1100mV 85C Model Setup 'pipe:inst3|is_pipe_passed'
Slack : -1.622
TNS   : -17.345

Type  : Slow 1100mV 85C Model Setup 'pipe:inst1|is_pipe_passed'
Slack : -1.430
TNS   : -18.149

Type  : Slow 1100mV 85C Model Hold 'inst|pll_inst|altera_pll_i|general[0].gpll~PLL_OUTPUT_COUNTER|divclk'
Slack : -0.998
TNS   : -8.899

Type  : Slow 1100mV 85C Model Hold 'VGA_SYNC:inst5|vert_sync_out'
Slack : 0.182
TNS   : 0.000

Type  : Slow 1100mV 85C Model Hold 'pipe:inst2|is_pipe_passed'
Slack : 0.647
TNS   : 0.000

Type  : Slow 1100mV 85C Model Hold 'pipe:inst1|is_pipe_passed'
Slack : 0.739
TNS   : 0.000

Type  : Slow 1100mV 85C Model Hold 'MOUSE:inst4|MOUSE_CLK_FILTER'
Slack : 0.746
TNS   : 0.000

Type  : Slow 1100mV 85C Model Hold 'pipe:inst3|is_pipe_passed'
Slack : 0.858
TNS   : 0.000

Type  : Slow 1100mV 85C Model Recovery 'MOUSE:inst4|MOUSE_CLK_FILTER'
Slack : -6.656
TNS   : -106.397

Type  : Slow 1100mV 85C Model Removal 'MOUSE:inst4|MOUSE_CLK_FILTER'
Slack : 5.596
TNS   : 0.000

Type  : Slow 1100mV 85C Model Minimum Pulse Width 'VGA_SYNC:inst5|vert_sync_out'
Slack : -0.553
TNS   : -244.023

Type  : Slow 1100mV 85C Model Minimum Pulse Width 'pipe:inst2|is_pipe_passed'
Slack : -0.543
TNS   : -10.709

Type  : Slow 1100mV 85C Model Minimum Pulse Width 'MOUSE:inst4|MOUSE_CLK_FILTER'
Slack : -0.538
TNS   : -29.846

Type  : Slow 1100mV 85C Model Minimum Pulse Width 'pipe:inst1|is_pipe_passed'
Slack : -0.538
TNS   : -11.988

Type  : Slow 1100mV 85C Model Minimum Pulse Width 'pipe:inst3|is_pipe_passed'
Slack : -0.538
TNS   : -11.275

Type  : Slow 1100mV 85C Model Minimum Pulse Width 'inst|pll_inst|altera_pll_i|general[0].gpll~FRACTIONAL_PLL|vcoph[0]'
Slack : 1.666
TNS   : 0.000

Type  : Slow 1100mV 85C Model Minimum Pulse Width 'CLOCK_50'
Slack : 9.731
TNS   : 0.000

Type  : Slow 1100mV 85C Model Minimum Pulse Width 'inst|pll_inst|altera_pll_i|general[0].gpll~PLL_OUTPUT_COUNTER|divclk'
Slack : 19.282
TNS   : 0.000

Type  : Slow 1100mV 0C Model Setup 'VGA_SYNC:inst5|vert_sync_out'
Slack : -12.907
TNS   : -2164.696

Type  : Slow 1100mV 0C Model Setup 'MOUSE:inst4|MOUSE_CLK_FILTER'
Slack : -8.221
TNS   : -274.798

Type  : Slow 1100mV 0C Model Setup 'inst|pll_inst|altera_pll_i|general[0].gpll~PLL_OUTPUT_COUNTER|divclk'
Slack : -5.085
TNS   : -69.612

Type  : Slow 1100mV 0C Model Setup 'pipe:inst2|is_pipe_passed'
Slack : -1.613
TNS   : -16.969

Type  : Slow 1100mV 0C Model Setup 'pipe:inst3|is_pipe_passed'
Slack : -1.595
TNS   : -17.421

Type  : Slow 1100mV 0C Model Setup 'pipe:inst1|is_pipe_passed'
Slack : -1.371
TNS   : -17.661

Type  : Slow 1100mV 0C Model Hold 'inst|pll_inst|altera_pll_i|general[0].gpll~PLL_OUTPUT_COUNTER|divclk'
Slack : -1.097
TNS   : -9.328

Type  : Slow 1100mV 0C Model Hold 'VGA_SYNC:inst5|vert_sync_out'
Slack : 0.168
TNS   : 0.000

Type  : Slow 1100mV 0C Model Hold 'pipe:inst2|is_pipe_passed'
Slack : 0.684
TNS   : 0.000

Type  : Slow 1100mV 0C Model Hold 'pipe:inst1|is_pipe_passed'
Slack : 0.703
TNS   : 0.000

Type  : Slow 1100mV 0C Model Hold 'MOUSE:inst4|MOUSE_CLK_FILTER'
Slack : 0.717
TNS   : 0.000

Type  : Slow 1100mV 0C Model Hold 'pipe:inst3|is_pipe_passed'
Slack : 0.840
TNS   : 0.000

Type  : Slow 1100mV 0C Model Recovery 'MOUSE:inst4|MOUSE_CLK_FILTER'
Slack : -6.593
TNS   : -105.373

Type  : Slow 1100mV 0C Model Removal 'MOUSE:inst4|MOUSE_CLK_FILTER'
Slack : 5.707
TNS   : 0.000

Type  : Slow 1100mV 0C Model Minimum Pulse Width 'VGA_SYNC:inst5|vert_sync_out'
Slack : -0.538
TNS   : -239.028

Type  : Slow 1100mV 0C Model Minimum Pulse Width 'MOUSE:inst4|MOUSE_CLK_FILTER'
Slack : -0.538
TNS   : -29.013

Type  : Slow 1100mV 0C Model Minimum Pulse Width 'pipe:inst1|is_pipe_passed'
Slack : -0.538
TNS   : -11.844

Type  : Slow 1100mV 0C Model Minimum Pulse Width 'pipe:inst3|is_pipe_passed'
Slack : -0.538
TNS   : -11.171

Type  : Slow 1100mV 0C Model Minimum Pulse Width 'pipe:inst2|is_pipe_passed'
Slack : -0.538
TNS   : -10.566

Type  : Slow 1100mV 0C Model Minimum Pulse Width 'inst|pll_inst|altera_pll_i|general[0].gpll~FRACTIONAL_PLL|vcoph[0]'
Slack : 1.666
TNS   : 0.000

Type  : Slow 1100mV 0C Model Minimum Pulse Width 'CLOCK_50'
Slack : 9.741
TNS   : 0.000

Type  : Slow 1100mV 0C Model Minimum Pulse Width 'inst|pll_inst|altera_pll_i|general[0].gpll~PLL_OUTPUT_COUNTER|divclk'
Slack : 19.189
TNS   : 0.000

Type  : Fast 1100mV 85C Model Setup 'VGA_SYNC:inst5|vert_sync_out'
Slack : -5.860
TNS   : -1021.327

Type  : Fast 1100mV 85C Model Setup 'MOUSE:inst4|MOUSE_CLK_FILTER'
Slack : -4.077
TNS   : -132.274

Type  : Fast 1100mV 85C Model Setup 'inst|pll_inst|altera_pll_i|general[0].gpll~PLL_OUTPUT_COUNTER|divclk'
Slack : -3.739
TNS   : -44.148

Type  : Fast 1100mV 85C Model Setup 'pipe:inst2|is_pipe_passed'
Slack : -0.725
TNS   : -5.752

Type  : Fast 1100mV 85C Model Setup 'pipe:inst3|is_pipe_passed'
Slack : -0.597
TNS   : -5.506

Type  : Fast 1100mV 85C Model Setup 'pipe:inst1|is_pipe_passed'
Slack : -0.593
TNS   : -6.564

Type  : Fast 1100mV 85C Model Hold 'inst|pll_inst|altera_pll_i|general[0].gpll~PLL_OUTPUT_COUNTER|divclk'
Slack : -0.853
TNS   : -8.534

Type  : Fast 1100mV 85C Model Hold 'VGA_SYNC:inst5|vert_sync_out'
Slack : 0.036
TNS   : 0.000

Type  : Fast 1100mV 85C Model Hold 'pipe:inst2|is_pipe_passed'
Slack : 0.123
TNS   : 0.000

Type  : Fast 1100mV 85C Model Hold 'pipe:inst1|is_pipe_passed'
Slack : 0.313
TNS   : 0.000

Type  : Fast 1100mV 85C Model Hold 'pipe:inst3|is_pipe_passed'
Slack : 0.349
TNS   : 0.000

Type  : Fast 1100mV 85C Model Hold 'MOUSE:inst4|MOUSE_CLK_FILTER'
Slack : 0.351
TNS   : 0.000

Type  : Fast 1100mV 85C Model Recovery 'MOUSE:inst4|MOUSE_CLK_FILTER'
Slack : -3.127
TNS   : -49.984

Type  : Fast 1100mV 85C Model Removal 'MOUSE:inst4|MOUSE_CLK_FILTER'
Slack : 2.929
TNS   : 0.000

Type  : Fast 1100mV 85C Model Minimum Pulse Width 'VGA_SYNC:inst5|vert_sync_out'
Slack : -0.190
TNS   : -16.351

Type  : Fast 1100mV 85C Model Minimum Pulse Width 'pipe:inst2|is_pipe_passed'
Slack : -0.181
TNS   : -0.360

Type  : Fast 1100mV 85C Model Minimum Pulse Width 'pipe:inst3|is_pipe_passed'
Slack : -0.043
TNS   : -0.252

Type  : Fast 1100mV 85C Model Minimum Pulse Width 'pipe:inst1|is_pipe_passed'
Slack : 0.036
TNS   : 0.000

Type  : Fast 1100mV 85C Model Minimum Pulse Width 'MOUSE:inst4|MOUSE_CLK_FILTER'
Slack : 0.093
TNS   : 0.000

Type  : Fast 1100mV 85C Model Minimum Pulse Width 'inst|pll_inst|altera_pll_i|general[0].gpll~FRACTIONAL_PLL|vcoph[0]'
Slack : 1.666
TNS   : 0.000

Type  : Fast 1100mV 85C Model Minimum Pulse Width 'CLOCK_50'
Slack : 9.336
TNS   : 0.000

Type  : Fast 1100mV 85C Model Minimum Pulse Width 'inst|pll_inst|altera_pll_i|general[0].gpll~PLL_OUTPUT_COUNTER|divclk'
Slack : 19.557
TNS   : 0.000

Type  : Fast 1100mV 0C Model Setup 'VGA_SYNC:inst5|vert_sync_out'
Slack : -5.438
TNS   : -915.411

Type  : Fast 1100mV 0C Model Setup 'MOUSE:inst4|MOUSE_CLK_FILTER'
Slack : -3.874
TNS   : -126.364

Type  : Fast 1100mV 0C Model Setup 'inst|pll_inst|altera_pll_i|general[0].gpll~PLL_OUTPUT_COUNTER|divclk'
Slack : -2.939
TNS   : -34.055

Type  : Fast 1100mV 0C Model Setup 'pipe:inst2|is_pipe_passed'
Slack : -0.591
TNS   : -4.663

Type  : Fast 1100mV 0C Model Setup 'pipe:inst3|is_pipe_passed'
Slack : -0.484
TNS   : -4.414

Type  : Fast 1100mV 0C Model Setup 'pipe:inst1|is_pipe_passed'
Slack : -0.470
TNS   : -5.200

Type  : Fast 1100mV 0C Model Hold 'inst|pll_inst|altera_pll_i|general[0].gpll~PLL_OUTPUT_COUNTER|divclk'
Slack : -0.974
TNS   : -9.974

Type  : Fast 1100mV 0C Model Hold 'VGA_SYNC:inst5|vert_sync_out'
Slack : 0.025
TNS   : 0.000

Type  : Fast 1100mV 0C Model Hold 'pipe:inst2|is_pipe_passed'
Slack : 0.123
TNS   : 0.000

Type  : Fast 1100mV 0C Model Hold 'pipe:inst1|is_pipe_passed'
Slack : 0.271
TNS   : 0.000

Type  : Fast 1100mV 0C Model Hold 'pipe:inst3|is_pipe_passed'
Slack : 0.318
TNS   : 0.000

Type  : Fast 1100mV 0C Model Hold 'MOUSE:inst4|MOUSE_CLK_FILTER'
Slack : 0.332
TNS   : 0.000

Type  : Fast 1100mV 0C Model Recovery 'MOUSE:inst4|MOUSE_CLK_FILTER'
Slack : -3.018
TNS   : -48.256

Type  : Fast 1100mV 0C Model Removal 'MOUSE:inst4|MOUSE_CLK_FILTER'
Slack : 2.886
TNS   : 0.000

Type  : Fast 1100mV 0C Model Minimum Pulse Width 'VGA_SYNC:inst5|vert_sync_out'
Slack : -0.112
TNS   : -5.972

Type  : Fast 1100mV 0C Model Minimum Pulse Width 'pipe:inst2|is_pipe_passed'
Slack : -0.104
TNS   : -0.207

Type  : Fast 1100mV 0C Model Minimum Pulse Width 'pipe:inst3|is_pipe_passed'
Slack : -0.011
TNS   : -0.059

Type  : Fast 1100mV 0C Model Minimum Pulse Width 'pipe:inst1|is_pipe_passed'
Slack : 0.055
TNS   : 0.000

Type  : Fast 1100mV 0C Model Minimum Pulse Width 'MOUSE:inst4|MOUSE_CLK_FILTER'
Slack : 0.091
TNS   : 0.000

Type  : Fast 1100mV 0C Model Minimum Pulse Width 'inst|pll_inst|altera_pll_i|general[0].gpll~FRACTIONAL_PLL|vcoph[0]'
Slack : 1.666
TNS   : 0.000

Type  : Fast 1100mV 0C Model Minimum Pulse Width 'CLOCK_50'
Slack : 9.286
TNS   : 0.000

Type  : Fast 1100mV 0C Model Minimum Pulse Width 'inst|pll_inst|altera_pll_i|general[0].gpll~PLL_OUTPUT_COUNTER|divclk'
Slack : 19.549
TNS   : 0.000

------------------------------------------------------------
