------------------------------------------------------------
Timing Analyzer Summary
------------------------------------------------------------

Type  : Slow 1100mV 85C Model Setup 'VGA_SYNC:inst1|vert_sync_out'
Slack : -9.008
TNS   : -563.672

Type  : Slow 1100mV 85C Model Setup 'MOUSE:inst|MOUSE_CLK_FILTER'
Slack : -8.028
TNS   : -232.399

Type  : Slow 1100mV 85C Model Setup 'inst4|pll_inst|altera_pll_i|general[0].gpll~PLL_OUTPUT_COUNTER|divclk'
Slack : -6.319
TNS   : -70.244

Type  : Slow 1100mV 85C Model Hold 'inst4|pll_inst|altera_pll_i|general[0].gpll~PLL_OUTPUT_COUNTER|divclk'
Slack : 0.025
TNS   : 0.000

Type  : Slow 1100mV 85C Model Hold 'VGA_SYNC:inst1|vert_sync_out'
Slack : 0.194
TNS   : 0.000

Type  : Slow 1100mV 85C Model Hold 'MOUSE:inst|MOUSE_CLK_FILTER'
Slack : 0.534
TNS   : 0.000

Type  : Slow 1100mV 85C Model Recovery 'MOUSE:inst|MOUSE_CLK_FILTER'
Slack : -5.972
TNS   : -89.811

Type  : Slow 1100mV 85C Model Removal 'MOUSE:inst|MOUSE_CLK_FILTER'
Slack : 4.341
TNS   : 0.000

Type  : Slow 1100mV 85C Model Minimum Pulse Width 'VGA_SYNC:inst1|vert_sync_out'
Slack : -0.538
TNS   : -54.567

Type  : Slow 1100mV 85C Model Minimum Pulse Width 'MOUSE:inst|MOUSE_CLK_FILTER'
Slack : -0.538
TNS   : -30.734

Type  : Slow 1100mV 85C Model Minimum Pulse Width 'inst4|pll_inst|altera_pll_i|general[0].gpll~FRACTIONAL_PLL|vcoph[0]'
Slack : 1.666
TNS   : 0.000

Type  : Slow 1100mV 85C Model Minimum Pulse Width 'CLOCK_50'
Slack : 9.731
TNS   : 0.000

Type  : Slow 1100mV 85C Model Minimum Pulse Width 'inst4|pll_inst|altera_pll_i|general[0].gpll~PLL_OUTPUT_COUNTER|divclk'
Slack : 19.262
TNS   : 0.000

Type  : Slow 1100mV 0C Model Setup 'VGA_SYNC:inst1|vert_sync_out'
Slack : -8.841
TNS   : -558.631

Type  : Slow 1100mV 0C Model Setup 'MOUSE:inst|MOUSE_CLK_FILTER'
Slack : -8.110
TNS   : -229.298

Type  : Slow 1100mV 0C Model Setup 'inst4|pll_inst|altera_pll_i|general[0].gpll~PLL_OUTPUT_COUNTER|divclk'
Slack : -5.958
TNS   : -64.794

Type  : Slow 1100mV 0C Model Hold 'inst4|pll_inst|altera_pll_i|general[0].gpll~PLL_OUTPUT_COUNTER|divclk'
Slack : -0.236
TNS   : -1.582

Type  : Slow 1100mV 0C Model Hold 'VGA_SYNC:inst1|vert_sync_out'
Slack : 0.178
TNS   : 0.000

Type  : Slow 1100mV 0C Model Hold 'MOUSE:inst|MOUSE_CLK_FILTER'
Slack : 0.603
TNS   : 0.000

Type  : Slow 1100mV 0C Model Recovery 'MOUSE:inst|MOUSE_CLK_FILTER'
Slack : -5.961
TNS   : -89.852

Type  : Slow 1100mV 0C Model Removal 'MOUSE:inst|MOUSE_CLK_FILTER'
Slack : 4.536
TNS   : 0.000

Type  : Slow 1100mV 0C Model Minimum Pulse Width 'VGA_SYNC:inst1|vert_sync_out'
Slack : -0.538
TNS   : -53.706

Type  : Slow 1100mV 0C Model Minimum Pulse Width 'MOUSE:inst|MOUSE_CLK_FILTER'
Slack : -0.538
TNS   : -31.684

Type  : Slow 1100mV 0C Model Minimum Pulse Width 'inst4|pll_inst|altera_pll_i|general[0].gpll~FRACTIONAL_PLL|vcoph[0]'
Slack : 1.666
TNS   : 0.000

Type  : Slow 1100mV 0C Model Minimum Pulse Width 'CLOCK_50'
Slack : 9.741
TNS   : 0.000

Type  : Slow 1100mV 0C Model Minimum Pulse Width 'inst4|pll_inst|altera_pll_i|general[0].gpll~PLL_OUTPUT_COUNTER|divclk'
Slack : 19.179
TNS   : 0.000

Type  : Fast 1100mV 85C Model Setup 'VGA_SYNC:inst1|vert_sync_out'
Slack : -4.642
TNS   : -288.692

Type  : Fast 1100mV 85C Model Setup 'MOUSE:inst|MOUSE_CLK_FILTER'
Slack : -3.757
TNS   : -98.533

Type  : Fast 1100mV 85C Model Setup 'inst4|pll_inst|altera_pll_i|general[0].gpll~PLL_OUTPUT_COUNTER|divclk'
Slack : -3.610
TNS   : -44.535

Type  : Fast 1100mV 85C Model Hold 'inst4|pll_inst|altera_pll_i|general[0].gpll~PLL_OUTPUT_COUNTER|divclk'
Slack : 0.034
TNS   : 0.000

Type  : Fast 1100mV 85C Model Hold 'VGA_SYNC:inst1|vert_sync_out'
Slack : 0.037
TNS   : 0.000

Type  : Fast 1100mV 85C Model Hold 'MOUSE:inst|MOUSE_CLK_FILTER'
Slack : 0.260
TNS   : 0.000

Type  : Fast 1100mV 85C Model Recovery 'MOUSE:inst|MOUSE_CLK_FILTER'
Slack : -2.475
TNS   : -36.492

Type  : Fast 1100mV 85C Model Removal 'MOUSE:inst|MOUSE_CLK_FILTER'
Slack : 1.955
TNS   : 0.000

Type  : Fast 1100mV 85C Model Minimum Pulse Width 'MOUSE:inst|MOUSE_CLK_FILTER'
Slack : -0.132
TNS   : -3.392

Type  : Fast 1100mV 85C Model Minimum Pulse Width 'VGA_SYNC:inst1|vert_sync_out'
Slack : 0.004
TNS   : 0.000

Type  : Fast 1100mV 85C Model Minimum Pulse Width 'inst4|pll_inst|altera_pll_i|general[0].gpll~FRACTIONAL_PLL|vcoph[0]'
Slack : 1.666
TNS   : 0.000

Type  : Fast 1100mV 85C Model Minimum Pulse Width 'CLOCK_50'
Slack : 9.336
TNS   : 0.000

Type  : Fast 1100mV 85C Model Minimum Pulse Width 'inst4|pll_inst|altera_pll_i|general[0].gpll~PLL_OUTPUT_COUNTER|divclk'
Slack : 19.552
TNS   : 0.000

Type  : Fast 1100mV 0C Model Setup 'VGA_SYNC:inst1|vert_sync_out'
Slack : -4.150
TNS   : -259.367

Type  : Fast 1100mV 0C Model Setup 'MOUSE:inst|MOUSE_CLK_FILTER'
Slack : -3.560
TNS   : -95.235

Type  : Fast 1100mV 0C Model Setup 'inst4|pll_inst|altera_pll_i|general[0].gpll~PLL_OUTPUT_COUNTER|divclk'
Slack : -2.848
TNS   : -34.463

Type  : Fast 1100mV 0C Model Hold 'inst4|pll_inst|altera_pll_i|general[0].gpll~PLL_OUTPUT_COUNTER|divclk'
Slack : -0.176
TNS   : -0.812

Type  : Fast 1100mV 0C Model Hold 'VGA_SYNC:inst1|vert_sync_out'
Slack : 0.024
TNS   : 0.000

Type  : Fast 1100mV 0C Model Hold 'MOUSE:inst|MOUSE_CLK_FILTER'
Slack : 0.252
TNS   : 0.000

Type  : Fast 1100mV 0C Model Recovery 'MOUSE:inst|MOUSE_CLK_FILTER'
Slack : -2.426
TNS   : -35.974

Type  : Fast 1100mV 0C Model Removal 'MOUSE:inst|MOUSE_CLK_FILTER'
Slack : 2.012
TNS   : 0.000

Type  : Fast 1100mV 0C Model Minimum Pulse Width 'MOUSE:inst|MOUSE_CLK_FILTER'
Slack : -0.100
TNS   : -2.351

Type  : Fast 1100mV 0C Model Minimum Pulse Width 'VGA_SYNC:inst1|vert_sync_out'
Slack : 0.040
TNS   : 0.000

Type  : Fast 1100mV 0C Model Minimum Pulse Width 'inst4|pll_inst|altera_pll_i|general[0].gpll~FRACTIONAL_PLL|vcoph[0]'
Slack : 1.666
TNS   : 0.000

Type  : Fast 1100mV 0C Model Minimum Pulse Width 'CLOCK_50'
Slack : 9.286
TNS   : 0.000

Type  : Fast 1100mV 0C Model Minimum Pulse Width 'inst4|pll_inst|altera_pll_i|general[0].gpll~PLL_OUTPUT_COUNTER|divclk'
Slack : 19.545
TNS   : 0.000

------------------------------------------------------------
